video 2

Microsoft Windows [Version 10.0.22631.4391]
(c) Microsoft Corporation. All rights reserved.

C:\Users\Dell\OneDrive\Desktop\ML OPPS\GitTutorials>git status
On branch main
Your branch is up to date with 'origin/main'.

nothing to commit, working tree clean

C:\Users\Dell\OneDrive\Desktop\ML OPPS\GitTutorials>git status
On branch main
Your branch is up to date with 'origin/main'.

Untracked files:
  (use "git add <file>..." to include in what will be committed)
        text3.txt

nothing added to commit but untracked files present (use "git add" to track)
C:\Users\Dell\OneDrive\Desktop\ML OPPS\GitTutorials>git add .

C:\Users\Dell\OneDrive\Desktop\ML OPPS\GitTutorials>git status
On branch main
Your branch is up to date with 'origin/main'.

Changes to be committed:
  (use "git restore --staged <file>..." to unstage)
        new file:   text3.txt


C:\Users\Dell\OneDrive\Desktop\ML OPPS\GitTutorials>git restore --staged "text3.txt"

C:\Users\Dell\OneDrive\Desktop\ML OPPS\GitTutorials>git status
On branch main
Your branch is up to date with 'origin/main'.

Untracked files:
  (use "git add <file>..." to include in what will be committed)
        text3.txt

nothing added to commit but untracked files present (use "git add" to track)

C:\Users\Dell\OneDrive\Desktop\ML OPPS\GitTutorials>git add .

C:\Users\Dell\OneDrive\Desktop\ML OPPS\GitTutorials>git status
On branch main
Your branch is up to date with 'origin/main'.

Changes to be committed:
  (use "git restore --staged <file>..." to unstage)
        new file:   text3.txt


C:\Users\Dell\OneDrive\Desktop\ML OPPS\GitTutorials>git reset "text3.txt"

C:\Users\Dell\OneDrive\Desktop\ML OPPS\GitTutorials>git status
On branch main
Your branch is up to date with 'origin/main'.

Untracked files:
  (use "git add <file>..." to include in what will be committed)
        text3.txt

nothing added to commit but untracked files present (use "git add" to track)

C:\Users\Dell\OneDrive\Desktop\ML OPPS\GitTutorials>git add .

C:\Users\Dell\OneDrive\Desktop\ML OPPS\GitTutorials>git status
On branch main
Your branch is up to date with 'origin/main'.

Changes to be committed:
  (use "git restore --staged <file>..." to unstage)
        new file:   text3.txt


C:\Users\Dell\OneDrive\Desktop\ML OPPS\GitTutorials>git diff --staged
diff --git a/text3.txt b/text3.txt
new file mode 100644
index 0000000..6404e93
--- /dev/null
+++ b/text3.txt
@@ -0,0 +1 @@
+Hay
\ No newline at end of file

C:\Users\Dell\OneDrive\Desktop\ML OPPS\GitTutorials>git commit -m "This is my new document commit"
[main 3eae9ee] This is my new document commit
 1 file changed, 1 insertion(+)
 create mode 100644 text3.txt

C:\Users\Dell\OneDrive\Desktop\ML OPPS\GitTutorials>git diff --staged

C:\Users\Dell\OneDrive\Desktop\ML OPPS\GitTutorials>git status
On branch main
Your branch is ahead of 'origin/main' by 1 commit.
  (use "git push" to publish your local commits)

nothing to commit, working tree clean

C:\Users\Dell\OneDrive\Desktop\ML OPPS\GitTutorials>git push origin main
Enumerating objects: 4, done.
Counting objects: 100% (4/4), done.
Delta compression using up to 12 threads
Compressing objects: 100% (2/2), done.
Writing objects: 100% (3/3), 308 bytes | 308.00 KiB/s, done.
Total 3 (delta 1), reused 0 (delta 0), pack-reused 0 (from 0)
remote: Resolving deltas: 100% (1/1), completed with 1 local object.
To https://github.com/ramdhan9604/GITTUTORIALS1.git
   0d35b36..3eae9ee  main -> main

C:\Users\Dell\OneDrive\Desktop\ML OPPS\GitTutorials>git commit
On branch main
Your branch is up to date with 'origin/main'.

nothing to commit, working tree clean

C:\Users\Dell\OneDrive\Desktop\ML OPPS\GitTutorials>git branch
* main

C:\Users\Dell\OneDrive\Desktop\ML OPPS\GitTutorials>git branch developer

C:\Users\Dell\OneDrive\Desktop\ML OPPS\GitTutorials>git branch
  developer
* main

C:\Users\Dell\OneDrive\Desktop\ML OPPS\GitTutorials>git checkout developer
Switched to branch 'developer'

C:\Users\Dell\OneDrive\Desktop\ML OPPS\GitTutorials>git branch
* developer
  main

C:\Users\Dell\OneDrive\Desktop\ML OPPS\GitTutorials>git status
On branch developer
Untracked files:
  (use "git add <file>..." to include in what will be committed)
        text4.txt

nothing added to commit but untracked files present (use "git add" to track)

C:\Users\Dell\OneDrive\Desktop\ML OPPS\GitTutorials>git add .

C:\Users\Dell\OneDrive\Desktop\ML OPPS\GitTutorials>git commit -m "This is the new story i am working as developer"
[developer da2308f] This is the new story i am working as developer
 1 file changed, 1 insertion(+)
 create mode 100644 text4.txt

C:\Users\Dell\OneDrive\Desktop\ML OPPS\GitTutorials>git status
On branch developer
nothing to commit, working tree clean

C:\Users\Dell\OneDrive\Desktop\ML OPPS\GitTutorials>git checkout main
Switched to branch 'main'
Your branch is up to date with 'origin/main'.

C:\Users\Dell\OneDrive\Desktop\ML OPPS\GitTutorials>git branch
  developer
* main

C:\Users\Dell\OneDrive\Desktop\ML OPPS\GitTutorials>git merge developer
Updating 3eae9ee..da2308f
Fast-forward
 text4.txt | 1 +
 1 file changed, 1 insertion(+)
 create mode 100644 text4.txt

C:\Users\Dell\OneDrive\Desktop\ML OPPS\GitTutorials>git status
On branch main
Your branch is ahead of 'origin/main' by 1 commit.
  (use "git push" to publish your local commits)

nothing to commit, working tree clean

C:\Users\Dell\OneDrive\Desktop\ML OPPS\GitTutorials>git push origin main
Enumerating objects: 4, done.
Counting objects: 100% (4/4), done.
Delta compression using up to 12 threads
Compressing objects: 100% (2/2), done.
Writing objects: 100% (3/3), 329 bytes | 329.00 KiB/s, done.
Total 3 (delta 1), reused 0 (delta 0), pack-reused 0 (from 0)
remote: Resolving deltas: 100% (1/1), completed with 1 local object.
To https://github.com/ramdhan9604/GITTUTORIALS1.git
   3eae9ee..da2308f  main -> main

C:\Users\Dell\OneDrive\Desktop\ML OPPS\GitTutorials>git log
commit da2308f2f76f0b1dc854eab690690727151620f1 (HEAD -> main, origin/main, developer)
Author: Ramdhan Prajapat <144981572+ramdhan9604@users.noreply.github.com>
Date:   Mon Nov 4 22:04:15 2024 +0530

    This is the new story i am working as developer

commit 3eae9ee2468aec08922c3cb1d074f1e168c330c4
Author: Ramdhan Prajapat <144981572+ramdhan9604@users.noreply.github.com>
Date:   Mon Nov 4 21:59:06 2024 +0530

    This is my new document commit

commit 0d35b36e0cd3cb7ecd342c7afa73b9d5363bbf60
Author: Ramdhan Prajapat <144981572+ramdhan9604@users.noreply.github.com>
Date:   Sun Nov 3 23:31:42 2024 +0530

    this is my new document commit

commit 6e0163e95b3f780a0404d6fca28caf35a2ddbf2f
Merge: 831669a 167f045
Author: Ramdhan Prajapat <144981572+ramdhan9604@users.noreply.github.com>
Date:   Sun Nov 3 19:27:15 2024 +0530

    Merge branch 'main' of https://github.com/ramdhan9604/GITTUTORIALS1

commit 831669a86c2791d05a728ec82b50180f5ab37f64
Author: Ramdhan Prajapat <144981572+ramdhan9604@users.noreply.github.com>
Date:   Sun Nov 3 19:25:17 2024 +0530

    This is the second commit

commit 167f04529d64cc73cf43e8fa2e109ba27ea86080
Author: Ramdhan Prajapat <144981572+ramdhan9604@users.noreply.github.com>
Date:   Sun Nov 3 19:19:52 2024 +0530

    Update README.md

commit f86542f7075519765cb68659b18a19365573a160
Author: Ramdhan Prajapat <144981572+ramdhan9604@users.noreply.github.com>

C:\Users\Dell\OneDrive\Desktop\ML OPPS\GitTutorials>git log -p -3
commit da2308f2f76f0b1dc854eab690690727151620f1 (HEAD -> main, origin/main, developer)
Author: Ramdhan Prajapat <144981572+ramdhan9604@users.noreply.github.com>
Date:   Mon Nov 4 22:04:15 2024 +0530

    This is the new story i am working as developer

diff --git a/text4.txt b/text4.txt
new file mode 100644
index 0000000..3cf54b8
--- /dev/null
+++ b/text4.txt
@@ -0,0 +1 @@
+hello Baby
\ No newline at end of file

commit 3eae9ee2468aec08922c3cb1d074f1e168c330c4
Author: Ramdhan Prajapat <144981572+ramdhan9604@users.noreply.github.com>
Date:   Mon Nov 4 21:59:06 2024 +0530

    This is my new document commit

diff --git a/text3.txt b/text3.txt
new file mode 100644
index 0000000..6404e93
--- /dev/null
+++ b/text3.txt
@@ -0,0 +1 @@
+Hay
\ No newline at end of file

commit 0d35b36e0cd3cb7ecd342c7afa73b9d5363bbf60
Author: Ramdhan Prajapat <144981572+ramdhan9604@users.noreply.github.com>
Date:   Sun Nov 3 23:31:42 2024 +0530

    this is my new document commit

diff --git a/text2.txt b/text2.txt
new file mode 100644
index 0000000..0bd6067

C:\Users\Dell\OneDrive\Desktop\ML OPPS\GitTutorials>
